--- AEGIS CAMERA LOOP STARTED ---
Initializing camera Index(0)
Opening stream...
Stream opened successfully.
Loading Face Detection Model...
Face Detection Model loaded.
Entering camera read loop.
[Frame 0] Awaiting frame...
[Frame 0] Frame captured successfully.
No face detected.
Trace: About to create display_img
Trace: Extracted vec of length 921600, width=640, height=480
Trace: ImageBuffer created successfully.
Trace: About to JPEG encode...
Trace: JPEG encoded successfully. About to Base64 encode...
Trace: Base64 encoding successful.
[Frame 1] Awaiting frame...
[Frame 1] Frame captured successfully.
[Frame 2] Awaiting frame...
[Frame 2] Frame captured successfully.
[Frame 3] Awaiting frame...
[Frame 3] Frame captured successfully.
Trace: About to create display_img
Trace: Extracted vec of length 921600, width=640, height=480
Trace: ImageBuffer created successfully.
Trace: About to JPEG encode...
Trace: JPEG encoded successfully. About to Base64 encode...
Trace: Base64 encoding successful.
[Frame 4] Awaiting frame...
[Frame 4] Frame captured successfully.
[Frame 5] Awaiting frame...
[Frame 5] Frame captured successfully.
[Frame 6] Awaiting frame...
[Frame 6] Frame captured successfully.
Trace: About to create display_img
Trace: Extracted vec of length 921600, width=640, height=480
Trace: ImageBuffer created successfully.
Trace: About to JPEG encode...
Trace: JPEG encoded successfully. About to Base64 encode...
Trace: Base64 encoding successful.
[Frame 7] Awaiting frame...
[Frame 7] Frame captured successfully.
[Frame 8] Awaiting frame...
[Frame 8] Frame captured successfully.
[Frame 9] Awaiting frame...
[Frame 9] Frame captured successfully.
Trace: About to create display_img
Trace: Extracted vec of length 921600, width=640, height=480
Trace: ImageBuffer created successfully.
Trace: About to JPEG encode...
Trace: JPEG encoded successfully. About to Base64 encode...
Trace: Base64 encoding successful.
[Frame 10] Awaiting frame...
[Frame 10] Frame captured successfully.
